// Jest Snapshot v1, https://goo.gl/fbAQLP

exports[`<HeaderInfo /> renders 1`] = `
ShallowWrapper {
  Symbol(enzyme.__root__): [Circular],
  Symbol(enzyme.__unrendered__): <HeaderInfo
    location="Rio de Janeiro"
  />,
  Symbol(enzyme.__renderer__): Object {
    "batchedUpdates": [Function],
    "checkPropTypes": [Function],
    "getNode": [Function],
    "render": [Function],
    "simulateError": [Function],
    "simulateEvent": [Function],
    "unmount": [Function],
  },
  Symbol(enzyme.__node__): Object {
    "instance": null,
    "key": undefined,
    "nodeType": "host",
    "props": Object {
      "children": Array [
        <h1
          className="Header"
        >
          undefined, undefined
        </h1>,
        <h4
          className="Subtitle"
        >
          Segunda-feira, 18 de Fevereiro de 2019 às 19:16
        </h4>,
      ],
      "className": "Container",
    },
    "ref": null,
    "rendered": Array [
      Object {
        "instance": null,
        "key": undefined,
        "nodeType": "host",
        "props": Object {
          "children": "undefined, undefined",
          "className": "Header",
        },
        "ref": null,
        "rendered": "undefined, undefined",
        "type": "h1",
      },
      Object {
        "instance": null,
        "key": undefined,
        "nodeType": "host",
        "props": Object {
          "children": "Segunda-feira, 18 de Fevereiro de 2019 às 19:16",
          "className": "Subtitle",
        },
        "ref": null,
        "rendered": "Segunda-feira, 18 de Fevereiro de 2019 às 19:16",
        "type": "h4",
      },
    ],
    "type": "section",
  },
  Symbol(enzyme.__nodes__): Array [
    Object {
      "instance": null,
      "key": undefined,
      "nodeType": "host",
      "props": Object {
        "children": Array [
          <h1
            className="Header"
          >
            undefined, undefined
          </h1>,
          <h4
            className="Subtitle"
          >
            Segunda-feira, 18 de Fevereiro de 2019 às 19:16
          </h4>,
        ],
        "className": "Container",
      },
      "ref": null,
      "rendered": Array [
        Object {
          "instance": null,
          "key": undefined,
          "nodeType": "host",
          "props": Object {
            "children": "undefined, undefined",
            "className": "Header",
          },
          "ref": null,
          "rendered": "undefined, undefined",
          "type": "h1",
        },
        Object {
          "instance": null,
          "key": undefined,
          "nodeType": "host",
          "props": Object {
            "children": "Segunda-feira, 18 de Fevereiro de 2019 às 19:16",
            "className": "Subtitle",
          },
          "ref": null,
          "rendered": "Segunda-feira, 18 de Fevereiro de 2019 às 19:16",
          "type": "h4",
        },
      ],
      "type": "section",
    },
  ],
  Symbol(enzyme.__options__): Object {
    "adapter": ReactSixteenAdapter {
      "options": Object {
        "enableComponentDidUpdateOnSetState": true,
        "legacyContextMode": "parent",
        "lifecycles": Object {
          "componentDidUpdate": Object {
            "onSetState": true,
          },
          "getChildContext": Object {
            "calledByRenderer": false,
          },
          "getDerivedStateFromProps": true,
          "getSnapshotBeforeUpdate": true,
          "setState": Object {
            "skipsComponentDidUpdateOnNullish": true,
          },
        },
      },
    },
  },
}
`;
